say 0
0
say 1
say 2
2
say
say ok
ok
True False False
