Hello, world
Hello, Alice
Hello, Bob
Hello, Bob
Hello, Bob
