5
caught ValueError: division by zero
finally runs
key error ok
