paint red 1 1
paint blue 5 1
paint green 1 3
paint yellow 2 4
