[1, 2, 3]
[9, 9, 9]
[7, 8, 7, 8]
[1, 2, 3]
3
[1, 2]
