HELLO,  WORLD
hello,  world
[Hello, world]
[a, b, c] done.
