a= 1 rest= ()
a= 1 rest= (2, 3)
a= 4 rest= (5,)
a= 9 rest= (4, 5, 10)
